Log: 📂 Reading project structure...
Log: ✅ Context loaded (41659 chars). Constructing prompt...
Log: 🚀 Sending request to AI Model (gemini-1.5-flash)...
Log: 📂 Reading project structure...
Log: ✅ Context loaded (41659 chars). Constructing prompt...
Log: 🚀 Sending request to AI Model (gemini-1.5-flash)...
Log: 📥 Response received. Parsing JSON...
Result received: {"error": "No JSON found in response. Please ensure the AI returns valid JSON.", "raw_response": "Error: Failed to generate content after multiple attempts."}
Log: 📂 Reading project structure...
Log: ✅ Context loaded (41659 chars). Constructing prompt...
Log: 🚀 Sending request to AI Model (gemini-2.0-flash)...
Log: 📥 Response received. Parsing JSON...
Result received: {"error": "No JSON found in response. Please ensure the AI returns valid JSON.", "raw_response": "Error: Failed to generate content after multiple attempts."}
Log: 📂 Reading project structure...
Log: ✅ Context loaded (41659 chars). Constructing prompt...
Log: 🚀 Sending request to AI Model (gemini-2.0-flash)...
Log: 📥 Response received. Parsing JSON...
Result received: {"error": "No JSON found in response. Please ensure the AI returns valid JSON.", "raw_response": "Error: Failed to generate content after multiple attempts."}
Log: 📂 Reading project structure...
Log: ✅ Context loaded (41659 chars). Constructing prompt...
Log: 🚀 Sending request to AI Model (gemini-2.0-flash)...
Log: 📥 Response received. Parsing JSON...
Result received: {"error": "No JSON found in response. Please ensure the AI returns valid JSON.", "raw_response": "Error: Failed to generate content after multiple attempts."}
Log: 📂 Reading project structure...
Log: ✅ Context loaded (11605 chars). Constructing prompt...
Log: 🚀 Sending request to AI Model (gemini-2.0-flash-lite)...
Log: 📥 Response received. Parsing JSON...
Log: ✨ Patch generation complete!
Result received: {"thought": "Creating a simple Python file named hello.py with a hello world message. The architecture of the project doesn't directly influence this task, as it's just a standard Python script creation. The user's request is straightforward, with no indication of integration with existing components or servers in the project.", "plan": ["Step 1: Create a new file with the name hello.py", "Step 2: Write a 'hello world' message in the new file"], "shell_commands": ["echo 'print(\"Hello World\")' > hello.py"], "patches": [{"file": "hello.py", "action": "replace", "content": "print(\"Hello World\")"}]}
